{"name":null,"address1":null,"address2":null,"city":null,"zipcode":null,"phone":null,"state_name":null,"alternative_phone":null,"company":null,"state":{"name":null,"abbr":null},"country":{"iso_name":null,"iso":null,"iso3":null,"name":null,"numcode":null},"created_at":null,"updated_at":null}
