{"number":null,"item_total":null,"total":null,"adjustment_total":null,"user_id":null,"completed_at":null,"bill_address":{"firstname":null,"lastname":null,"address1":null,"address2":null,"city":null,"zipcode":null,"phone":null,"state_name":null,"alternative_phone":null,"company":null,"state":{"name":null,"abbr":null},"country":{"iso_name":null,"iso":null,"iso3":null,"name":null,"numcode":null},"created_at":null,"updated_at":null},"ship_address":{"firstname":null,"lastname":null,"address1":null,"address2":null,"city":null,"zipcode":null,"phone":null,"state_name":null,"alternative_phone":null,"company":null,"state":{"name":null,"abbr":null},"country":{"iso_name":null,"iso":null,"iso3":null,"name":null,"numcode":null},"created_at":null,"updated_at":null},"payment_total":null,"email":null,"special_instructions":null,"currency":null,"shipment_total":null,"additional_tax_total":null,"promo_total":null,"included_tax_total":null,"item_count":null,"line_items":[{"variant":{"name":null},"quantity":null,"price":null,"adjustment_total":null,"additional_tax_total":null,"promo_total":null,"included_tax_total":null,"total":null}],"shipments":[{"tracking":null,"number":null,"shipped_at":null,"adjustment_total":null,"additional_tax_total":null,"promo_total":null,"included_tax_total":null}]}
