{"variant":{"name":null},"quantity":null,"price":null,"adjustment_total":null,"additional_tax_total":null,"promo_total":null,"included_tax_total":null,"total":null}