{"email":null,"sign_in_count":null,"last_request_at":null,"current_sign_in_at":null,"last_sign_in_at":null,"current_sign_in_ip":null,"last_sign_in_ip":null,"login":null,"created_at":null,"updated_at":null,"confirmed_at":null,"data_processable":null,"ship_address":null,"bill_address":null}