{"tracking":null,"number":null,"shipped_at":null,"adjustment_total":null,"additional_tax_total":null,"promo_total":null,"included_tax_total":null}